# serializer version: 1
# name: test_main
  '''
  s=PosixPath('/home/zzl/lab/mob_proj/ddpc/tests/structures/mag.as')
  op=PosixPath('/home/zzl/lab/mob_proj/ddpc/tests/structures/output/mag.prim')
  '''
# ---
# name: test_main.1
  '''
  s=PosixPath('/home/zzl/lab/mob_proj/ddpc/tests/structures/magxyz.as')
  op=PosixPath('/home/zzl/lab/mob_proj/ddpc/tests/structures/output/magxyz.prim')
  '''
# ---
# name: test_main.2
  '''
  s=PosixPath('/home/zzl/lab/mob_proj/ddpc/tests/structures/fixxyz.as')
  op=PosixPath('/home/zzl/lab/mob_proj/ddpc/tests/structures/output/fixxyz.prim')
  '''
# ---
# name: test_main.3
  '''
  s=PosixPath('/home/zzl/lab/mob_proj/ddpc/tests/structures/lat.as')
  op=PosixPath('/home/zzl/lab/mob_proj/ddpc/tests/structures/output/lat.prim')
  '''
# ---
# name: test_main.4
  '''
  s=PosixPath('/home/zzl/lab/mob_proj/ddpc/tests/structures/all.as')
  op=PosixPath('/home/zzl/lab/mob_proj/ddpc/tests/structures/output/all.prim')
  '''
# ---
# name: test_main.5
  '''
  s=PosixPath('/home/zzl/lab/mob_proj/ddpc/tests/structures/fixxyzmagxyz.as')
  op=PosixPath('/home/zzl/lab/mob_proj/ddpc/tests/structures/output/fixxyzmagxyz.prim')
  '''
# ---
